C51 COMPILER V9.56.0.0   I2C                                                               04/02/2018 14:38:22 PAGE 1   


C51 COMPILER V9.56.0.0, COMPILATION OF MODULE I2C
OBJECT MODULE PLACED IN .\Objects\I2C.obj
COMPILER INVOKED BY: C:\Keil_v5\C51\BIN\C51.EXE I2C.c OPTIMIZE(8,SPEED) BROWSE DEBUG OBJECTEXTEND PRINT(.\Listings\I2C.l
                    -st) TABS(2) OBJECT(.\Objects\I2C.obj)

line level    source

   1          #include "Includes.h"
   2          
   3          // Function Purpose: Produce approximate delay in given uSecs.
   4          void __delay_us(unsigned int d)
   5          {
   6   1         unsigned int i, limit;
   7   1         limit = d/15;
   8   1      
   9   1         for(i=0;i<limit;i++);
  10   1      }
  11          
  12          // Function Purpose: Set initial values of SCK and SDA pins
  13          void InitI2C(void)
  14          { 
  15   1        // Make SDA and SCK pins input initially
  16   1        SDA = 1;
  17   1        SCK = 1;
  18   1      }
  19          
  20          
  21          // Function Purpose: I2C_Start sends start bit sequence
  22          void I2C_Start(void)
  23          {
  24   1        Set_SCK_High;       // Make SCK pin high
  25   1        Set_SDA_High;       // Make SDA pin High
  26   1        __delay_us(HalfBitDelay); // Half bit delay
  27   1        Set_SDA_Low;        // Make SDA Low
  28   1        __delay_us(HalfBitDelay); // Half bit delay
  29   1      }
  30          
  31          
  32          // Function Purpose: I2C_ReStart sends start bit sequence
  33          void I2C_ReStart(void)
  34          {
  35   1        Set_SCK_Low;        // Make SCK pin low
  36   1      
  37   1        __delay_us(HalfBitDelay/2); // Data pin should change it's value,
  38   1                      // when it is confirm that SCK is low
  39   1        Set_SDA_High;       // Make SDA pin High
  40   1        
  41   1        __delay_us(HalfBitDelay/2); // 1/4 bit delay
  42   1        Set_SCK_High;       // Make SCK pin high
  43   1        __delay_us(HalfBitDelay/2); // 1/4 bit delay
  44   1        Set_SDA_Low;        // Make SDA Low
  45   1        __delay_us(HalfBitDelay/2); // 1/4 bit delay
  46   1      }
  47          
  48          
  49          //Function : I2C_Stop sends stop bit sequence
  50          void I2C_Stop(void)
  51          {
  52   1        Set_SCK_Low;        // Make SCK pin low
  53   1      
  54   1        __delay_us(HalfBitDelay/2); // Data pin should change it's value,
C51 COMPILER V9.56.0.0   I2C                                                               04/02/2018 14:38:22 PAGE 2   

  55   1                      // when it is confirm that SCK is low
  56   1        Set_SDA_Low;        // Make SDA pin low
  57   1        
  58   1        __delay_us(HalfBitDelay/2); // 1/4 bit delay
  59   1        Set_SCK_High;       // Make SCK pin high
  60   1        __delay_us(HalfBitDelay/2); // 1/4 bit delay
  61   1        Set_SDA_High;       // Make SDA high
  62   1        __delay_us(HalfBitDelay/2); // 1/4 bit delay
  63   1      }
  64          
  65          
  66          
  67          //Function : I2C_Send_ACK sends ACK bit sequence
  68          void I2C_Send_ACK(void)
  69          {
  70   1        Set_SCK_Low;        // Make SCK pin low
  71   1        __delay_us(HalfBitDelay/2); // Data pin should change it's value,
  72   1                      // when it is confirm that SCK is low
  73   1        Set_SDA_Low;        // Make SDA Low
  74   1        __delay_us(HalfBitDelay/2); // 1/4 bit delay
  75   1        Set_SCK_High;       // Make SCK pin high
  76   1        __delay_us(HalfBitDelay); // Half bit delay
  77   1      }
  78          
  79          
  80          //Function : I2C_Send_NACK sends NACK bit sequence
  81          void I2C_Send_NACK(void)
  82          {
  83   1        Set_SCK_Low;        // Make SCK pin low
  84   1        __delay_us(HalfBitDelay/2); // Data pin should change it's value,
  85   1                      // when it is confirm that SCK is low
  86   1        Set_SDA_High;       // Make SDA high
  87   1        __delay_us(HalfBitDelay/2); // 1/4 bit delay
  88   1        Set_SCK_High;       // Make SCK pin high
  89   1        __delay_us(HalfBitDelay); // Half bit delay
  90   1      }
  91          
  92          
  93          // Function Purpose: I2C_Write_Byte transfers one byte
  94          bit I2C_Write_Byte(unsigned char Byte)
  95          {
  96   1        unsigned char i;    // Variable to be used in for loop
  97   1        
  98   1        for(i=0;i<8;i++)    // Repeat for every bit
  99   1        {
 100   2          Set_SCK_Low;    // Make SCK pin low
 101   2          
 102   2          __delay_us(HalfBitDelay/2); // Data pin should change it's value,
 103   2                        // when it is confirm that SCK is low
 104   2      
 105   2          if((Byte<<i)&0x80)  // Place data bit value on SDA pin
 106   2            Set_SDA_High; // If bit is high, make SDA high
 107   2          else        // Data is transferred MSB first
 108   2            Set_SDA_Low;  // If bit is low, make SDA low
 109   2      
 110   2          __delay_us(HalfBitDelay/2); // Toggle SCK pin
 111   2          Set_SCK_High;       // So that slave can
 112   2          __delay_us(HalfBitDelay); // latch data bit
 113   2          }
 114   1          
 115   1        // Get ACK from slave
 116   1        Set_SCK_Low;
C51 COMPILER V9.56.0.0   I2C                                                               04/02/2018 14:38:22 PAGE 3   

 117   1          Set_SDA_High;
 118   1          __delay_us(HalfBitDelay);
 119   1          Set_SCK_High;
 120   1          __delay_us(HalfBitDelay);
 121   1      
 122   1        return SDA;
 123   1      }
 124          
 125          
 126          // Function Purpose: I2C_Read_Byte reads one byte
 127          unsigned char I2C_Read_Byte(void)
 128          {
 129   1        unsigned char i, d, RxData = 0;
 130   1      
 131   1        for(i=0;i<8;i++)
 132   1        {
 133   2          Set_SCK_Low;          // Make SCK pin low
 134   2          Set_SDA_High;         // Don't drive SDA 
 135   2          __delay_us(HalfBitDelay);   // Half bit delay
 136   2          Set_SCK_High;         // Make SCK pin high
 137   2          __delay_us(HalfBitDelay/2);   // 1/4 bit delay
 138   2          d = SDA;              // Capture Received Bit
 139   2          RxData = RxData|(d<<(7-i));     // Copy it in RxData
 140   2          __delay_us(HalfBitDelay/2);   // 1/4 bit delay
 141   2        }
 142   1       
 143   1          return RxData;            // Return received byte
 144   1      }


MODULE INFORMATION:   STATIC OVERLAYABLE
   CODE SIZE        =    252    ----
   CONSTANT SIZE    =   ----    ----
   XDATA SIZE       =   ----    ----
   PDATA SIZE       =   ----    ----
   DATA SIZE        =   ----    ----
   IDATA SIZE       =   ----    ----
   BIT SIZE         =   ----    ----
END OF MODULE INFORMATION.


C51 COMPILATION COMPLETE.  0 WARNING(S),  0 ERROR(S)
